// Vitest Snapshot v1, https://vitest.dev/guide/snapshot.html

exports[`RootLayout > It should render and match a snapshot by default 1`] = `
<body>
  <div>
    <div />
    <section
      aria-atomic="false"
      aria-label="Notifications Alt+T"
      aria-live="polite"
      aria-relevant="additions text"
      class="Toastify"
    />
  </div>
</body>
`;
